../Core/Src/main.c:91:9:CheckPass	24	static
../Core/Src/main.c:101:6:EnterPassWord	8	static
../Core/Src/main.c:146:5:hang_0	24	static
../Core/Src/main.c:156:5:vi_tri	24	static
../Core/Src/main.c:166:6:doi_hang	24	static
../Core/Src/main.c:184:5:main	64	static
../Core/Src/main.c:506:6:SystemClock_Config	72	static
../Core/Src/main.c:546:13:MX_I2C1_Init	8	static
../Core/Src/main.c:580:13:MX_SPI1_Init	8	static
../Core/Src/main.c:618:13:MX_TIM2_Init	64	static
../Core/Src/main.c:677:13:MX_GPIO_Init	40	static
../Core/Src/main.c:729:6:Error_Handler	4	static,ignoring_inline_asm
