Archive member included to satisfy reference by file (symbol)

E:/PIF/STM32CubeIDE_1.13.2/STM32CubeIDE/plugins/com.st.stm32cube.ide.mcu.externaltools.gnu-tools-for-stm32.11.3.rel1.win32_1.1.1.202309131626/tools/bin/../lib/gcc/arm-none-eabi/11.3.1/../../../../arm-none-eabi/lib/thumb/v7-m/nofp\libc_nano.a(libc_a-exit.o)
                              E:/PIF/STM32CubeIDE_1.13.2/STM32CubeIDE/plugins/com.st.stm32cube.ide.mcu.externaltools.gnu-tools-for-stm32.11.3.rel1.win32_1.1.1.202309131626/tools/bin/../lib/gcc/arm-none-eabi/11.3.1/../../../../arm-none-eabi/lib/thumb/v7-m/nofp/crt0.o (exit)
E:/PIF/STM32CubeIDE_1.13.2/STM32CubeIDE/plugins/com.st.stm32cube.ide.mcu.externaltools.gnu-tools-for-stm32.11.3.rel1.win32_1.1.1.202309131626/tools/bin/../lib/gcc/arm-none-eabi/11.3.1/../../../../arm-none-eabi/lib/thumb/v7-m/nofp\libc_nano.a(libc_a-findfp.o)
                              E:/PIF/STM32CubeIDE_1.13.2/STM32CubeIDE/plugins/com.st.stm32cube.ide.mcu.externaltools.gnu-tools-for-stm32.11.3.rel1.win32_1.1.1.202309131626/tools/bin/../lib/gcc/arm-none-eabi/11.3.1/../../../../arm-none-eabi/lib/thumb/v7-m/nofp\libc_nano.a(libc_a-exit.o) (__stdio_exit_handler)
E:/PIF/STM32CubeIDE_1.13.2/STM32CubeIDE/plugins/com.st.stm32cube.ide.mcu.externaltools.gnu-tools-for-stm32.11.3.rel1.win32_1.1.1.202309131626/tools/bin/../lib/gcc/arm-none-eabi/11.3.1/../../../../arm-none-eabi/lib/thumb/v7-m/nofp\libc_nano.a(libc_a-fwalk.o)
                              E:/PIF/STM32CubeIDE_1.13.2/STM32CubeIDE/plugins/com.st.stm32cube.ide.mcu.externaltools.gnu-tools-for-stm32.11.3.rel1.win32_1.1.1.202309131626/tools/bin/../lib/gcc/arm-none-eabi/11.3.1/../../../../arm-none-eabi/lib/thumb/v7-m/nofp\libc_nano.a(libc_a-findfp.o) (_fwalk_sglue)
E:/PIF/STM32CubeIDE_1.13.2/STM32CubeIDE/plugins/com.st.stm32cube.ide.mcu.externaltools.gnu-tools-for-stm32.11.3.rel1.win32_1.1.1.202309131626/tools/bin/../lib/gcc/arm-none-eabi/11.3.1/../../../../arm-none-eabi/lib/thumb/v7-m/nofp\libc_nano.a(libc_a-stdio.o)
                              E:/PIF/STM32CubeIDE_1.13.2/STM32CubeIDE/plugins/com.st.stm32cube.ide.mcu.externaltools.gnu-tools-for-stm32.11.3.rel1.win32_1.1.1.202309131626/tools/bin/../lib/gcc/arm-none-eabi/11.3.1/../../../../arm-none-eabi/lib/thumb/v7-m/nofp\libc_nano.a(libc_a-findfp.o) (__sread)
E:/PIF/STM32CubeIDE_1.13.2/STM32CubeIDE/plugins/com.st.stm32cube.ide.mcu.externaltools.gnu-tools-for-stm32.11.3.rel1.win32_1.1.1.202309131626/tools/bin/../lib/gcc/arm-none-eabi/11.3.1/../../../../arm-none-eabi/lib/thumb/v7-m/nofp\libc_nano.a(libc_a-memset.o)
                              E:/PIF/STM32CubeIDE_1.13.2/STM32CubeIDE/plugins/com.st.stm32cube.ide.mcu.externaltools.gnu-tools-for-stm32.11.3.rel1.win32_1.1.1.202309131626/tools/bin/../lib/gcc/arm-none-eabi/11.3.1/../../../../arm-none-eabi/lib/thumb/v7-m/nofp/crt0.o (memset)
E:/PIF/STM32CubeIDE_1.13.2/STM32CubeIDE/plugins/com.st.stm32cube.ide.mcu.externaltools.gnu-tools-for-stm32.11.3.rel1.win32_1.1.1.202309131626/tools/bin/../lib/gcc/arm-none-eabi/11.3.1/../../../../arm-none-eabi/lib/thumb/v7-m/nofp\libc_nano.a(libc_a-closer.o)
                              E:/PIF/STM32CubeIDE_1.13.2/STM32CubeIDE/plugins/com.st.stm32cube.ide.mcu.externaltools.gnu-tools-for-stm32.11.3.rel1.win32_1.1.1.202309131626/tools/bin/../lib/gcc/arm-none-eabi/11.3.1/../../../../arm-none-eabi/lib/thumb/v7-m/nofp\libc_nano.a(libc_a-stdio.o) (_close_r)
E:/PIF/STM32CubeIDE_1.13.2/STM32CubeIDE/plugins/com.st.stm32cube.ide.mcu.externaltools.gnu-tools-for-stm32.11.3.rel1.win32_1.1.1.202309131626/tools/bin/../lib/gcc/arm-none-eabi/11.3.1/../../../../arm-none-eabi/lib/thumb/v7-m/nofp\libc_nano.a(libc_a-reent.o)
                              E:/PIF/STM32CubeIDE_1.13.2/STM32CubeIDE/plugins/com.st.stm32cube.ide.mcu.externaltools.gnu-tools-for-stm32.11.3.rel1.win32_1.1.1.202309131626/tools/bin/../lib/gcc/arm-none-eabi/11.3.1/../../../../arm-none-eabi/lib/thumb/v7-m/nofp\libc_nano.a(libc_a-closer.o) (errno)
E:/PIF/STM32CubeIDE_1.13.2/STM32CubeIDE/plugins/com.st.stm32cube.ide.mcu.externaltools.gnu-tools-for-stm32.11.3.rel1.win32_1.1.1.202309131626/tools/bin/../lib/gcc/arm-none-eabi/11.3.1/../../../../arm-none-eabi/lib/thumb/v7-m/nofp\libc_nano.a(libc_a-impure.o)
                              E:/PIF/STM32CubeIDE_1.13.2/STM32CubeIDE/plugins/com.st.stm32cube.ide.mcu.externaltools.gnu-tools-for-stm32.11.3.rel1.win32_1.1.1.202309131626/tools/bin/../lib/gcc/arm-none-eabi/11.3.1/../../../../arm-none-eabi/lib/thumb/v7-m/nofp\libc_nano.a(libc_a-reent.o) (_impure_ptr)
E:/PIF/STM32CubeIDE_1.13.2/STM32CubeIDE/plugins/com.st.stm32cube.ide.mcu.externaltools.gnu-tools-for-stm32.11.3.rel1.win32_1.1.1.202309131626/tools/bin/../lib/gcc/arm-none-eabi/11.3.1/../../../../arm-none-eabi/lib/thumb/v7-m/nofp\libc_nano.a(libc_a-lseekr.o)
[...]
Memory Configuration

Name             Origin             Length             Attributes
RAM              0x0000000020000000 0x0000000000005000 xrw
FLASH            0x0000000008000000 0x0000000000010000 xr
*default*        0x0000000000000000 0xffffffffffffffff

Linker script and memory map

LOAD E:/PIF/STM32CubeIDE_1.13.2/STM32CubeIDE/plugins/com.st.stm32cube.ide.mcu.externaltools.gnu-tools-for-stm32.11.3.rel1.win32_1.1.1.202309131626/tools/bin/../lib/gcc/arm-none-eabi/11.3.1/thumb/v7-m/nofp/crti.o
LOAD E:/PIF/STM32CubeIDE_1.13.2/STM32CubeIDE/plugins/com.st.stm32cube.ide.mcu.externaltools.gnu-tools-for-stm32.11.3.rel1.win32_1.1.1.202309131626/tools/bin/../lib/gcc/arm-none-eabi/11.3.1/thumb/v7-m/nofp/crtbegin.o
LOAD E:/PIF/STM32CubeIDE_1.13.2/STM32CubeIDE/plugins/com.st.stm32cube.ide.mcu.externaltools.gnu-tools-for-stm32.11.3.rel1.win32_1.1.1.202309131626/tools/bin/../lib/gcc/arm-none-eabi/11.3.1/../../../../arm-none-eabi/lib/thumb/v7-m/nofp/crt0.o
LOAD ./Core/Src/flash.o
LOAD ./Core/Src/key_pad_PTV.o
LOAD ./Core/Src/lcd_i2c.o
LOAD ./Core/Src/main.o
LOAD ./Core/Src/stm32f1_rc522.o
LOAD ./Core/Src/stm32f1xx_hal_msp.o
LOAD ./Core/Src/stm32f1xx_it.o
LOAD ./Core/Src/syscalls.o
LOAD ./Core/Src/sysmem.o
LOAD ./Core/Src/system_stm32f1xx.o
LOAD ./Core/Startup/startup_stm32f103c8tx.o
LOAD ./Drivers/STM32F1xx_HAL_Driver/Src/stm32f1xx_hal.o
LOAD ./Drivers/STM32F1xx_HAL_Driver/Src/stm32f1xx_hal_cortex.o
LOAD ./Drivers/STM32F1xx_HAL_Driver/Src/stm32f1xx_hal_dma.o
LOAD ./Drivers/STM32F1xx_HAL_Driver/Src/stm32f1xx_hal_exti.o
LOAD ./Drivers/STM32F1xx_HAL_Driver/Src/stm32f1xx_hal_flash.o
LOAD ./Drivers/STM32F1xx_HAL_Driver/Src/stm32f1xx_hal_flash_ex.o
LOAD ./Drivers/STM32F1xx_HAL_Driver/Src/stm32f1xx_hal_gpio.o
LOAD ./Drivers/STM32F1xx_HAL_Driver/Src/stm32f1xx_hal_gpio_ex.o
LOAD ./Drivers/STM32F1xx_HAL_Driver/Src/stm32f1xx_hal_i2c.o
LOAD ./Drivers/STM32F1xx_HAL_Driver/Src/stm32f1xx_hal_pwr.o
LOAD ./Drivers/STM32F1xx_HAL_Driver/Src/stm32f1xx_hal_rcc.o
LOAD ./Drivers/STM32F1xx_HAL_Driver/Src/stm32f1xx_hal_rcc_ex.o
LOAD ./Drivers/STM32F1xx_HAL_Driver/Src/stm32f1xx_hal_spi.o
LOAD ./Drivers/STM32F1xx_HAL_Driver/Src/stm32f1xx_hal_tim.o
LOAD ./Drivers/STM32F1xx_HAL_Driver/Src/stm32f1xx_hal_tim_ex.o
START GROUP
LOAD E:/PIF/STM32CubeIDE_1.13.2/STM32CubeIDE/plugins/com.st.stm32cube.ide.mcu.externaltools.gnu-tools-for-stm32.11.3.rel1.win32_1.1.1.202309131626/tools/bin/../lib/gcc/arm-none-eabi/11.3.1/../../../../arm-none-eabi/lib/thumb/v7-m/nofp\libc_nano.a
LOAD E:/PIF/STM32CubeIDE_1.13.2/STM32CubeIDE/plugins/com.st.stm32cube.ide.mcu.externaltools.gnu-tools-for-stm32.11.3.rel1.win32_1.1.1.202309131626/tools/bin/../lib/gcc/arm-none-eabi/11.3.1/../../../../arm-none-eabi/lib/thumb/v7-m/nofp\libm.a
END GROUP
START GROUP
LOAD E:/PIF/STM32CubeIDE_1.13.2/STM32CubeIDE/plugins/com.st.stm32cube.ide.mcu.externaltools.gnu-tools-for-stm32.11.3.rel1.win32_1.1.1.202309131626/tools/bin/../lib/gcc/arm-none-eabi/11.3.1/thumb/v7-m/nofp\libgcc.a
LOAD E:/PIF/STM32CubeIDE_1.13.2/STM32CubeIDE/plugins/com.st.stm32cube.ide.mcu.externaltools.gnu-tools-for-stm32.11.3.rel1.win32_1.1.1.202309131626/tools/bin/../lib/gcc/arm-none-eabi/11.3.1/../../../../arm-none-eabi/lib/thumb/v7-m/nofp\libc_nano.a
END GROUP
START GROUP
LOAD E:/PIF/STM32CubeIDE_1.13.2/STM32CubeIDE/plugins/com.st.stm32cube.ide.mcu.externaltools.gnu-tools-for-stm32.11.3.rel1.win32_1.1.1.202309131626/tools/bin/../lib/gcc/arm-none-eabi/11.3.1/thumb/v7-m/nofp\libgcc.a
LOAD E:/PIF/STM32CubeIDE_1.13.2/STM32CubeIDE/plugins/com.st.stm32cube.ide.mcu.externaltools.gnu-tools-for-stm32.11.3.rel1.win32_1.1.1.202309131626/tools/bin/../lib/gcc/arm-none-eabi/11.3.1/../../../../arm-none-eabi/lib/thumb/v7-m/nofp\libc_nano.a
LOAD E:/PIF/STM32CubeIDE_1.13.2/STM32CubeIDE/plugins/com.st.stm32cube.ide.mcu.externaltools.gnu-tools-for-stm32.11.3.rel1.win32_1.1.1.202309131626/tools/bin/../lib/gcc/arm-none-eabi/11.3.1/../../../../arm-none-eabi/lib/thumb/v7-m/nofp\libnosys.a
END GROUP
START GROUP
LOAD E:/PIF/STM32CubeIDE_1.13.2/STM32CubeIDE/plugins/com.st.stm32cube.ide.mcu.externaltools.gnu-tools-for-stm32.11.3.rel1.win32_1.1.1.202309131626/tools/bin/../lib/gcc/arm-none-eabi/11.3.1/thumb/v7-m/nofp\libgcc.a
LOAD E:/PIF/STM32CubeIDE_1.13.2/STM32CubeIDE/plugins/com.st.stm32cube.ide.mcu.externaltools.gnu-tools-for-stm32.11.3.rel1.win32_1.1.1.202309131626/tools/bin/../lib/gcc/arm-none-eabi/11.3.1/../../../../arm-none-eabi/lib/thumb/v7-m/nofp\libc_nano.a
LOAD E:/PIF/STM32CubeIDE_1.13.2/STM32CubeIDE/plugins/com.st.stm32cube.ide.mcu.externaltools.gnu-tools-for-stm32.11.3.rel1.win32_1.1.1.202309131626/tools/bin/../lib/gcc/arm-none-eabi/11.3.1/../../../../arm-none-eabi/lib/thumb/v7-m/nofp\libnosys.a
END GROUP
LOAD E:/PIF/STM32CubeIDE_1.13.2/STM32CubeIDE/plugins/com.st.stm32cube.ide.mcu.externaltools.gnu-tools-for-stm32.11.3.rel1.win32_1.1.1.202309131626/tools/bin/../lib/gcc/arm-none-eabi/11.3.1/thumb/v7-m/nofp/crtend.o
LOAD E:/PIF/STM32CubeIDE_1.13.2/STM32CubeIDE/plugins/com.st.stm32cube.ide.mcu.externaltools.gnu-tools-for-stm32.11.3.rel1.win32_1.1.1.202309131626/tools/bin/../lib/gcc/arm-none-eabi/11.3.1/thumb/v7-m/nofp/crtn.o
                0x0000000020005000                _estack = (ORIGIN (RAM) + LENGTH (RAM))
                0x0000000000000200                _Min_Heap_Size = 0x200
                0x0000000000000400                _Min_Stack_Size = 0x400

.isr_vector     0x0000000008000000      0x10c
                0x0000000008000000                . = ALIGN (0x4)
 *(.isr_vector)
 .isr_vector    0x0000000008000000      0x10c ./Core/Startup/startup_stm32f103c8tx.o
                0x0000000008000000                g_pfnVectors
                0x000000000800010c                . = ALIGN (0x4)

.text           0x000000000800010c     0x4710
                0x000000000800010c                . = ALIGN (0x4)
 *(.text)
 .text          0x000000000800010c       0x40 E:/PIF/STM32CubeIDE_1.13.2/STM32CubeIDE/plugins/com.st.stm32cube.ide.mcu.externaltools.gnu-tools-for-stm32.11.3.rel1.win32_1.1.1.202309131626/tools/bin/../lib/gcc/arm-none-eabi/11.3.1/thumb/v7-m/nofp/crtbegin.o
 *(.text*)
 .text.Flash_Write_Uint
                0x000000000800014c       0x7c ./Core/Src/flash.o
                0x000000000800014c                Flash_Write_Uint
 .text.Flash_Write_String
                0x00000000080001c8       0x84 ./Core/Src/flash.o
                0x00000000080001c8                Flash_Write_String
 .text.Flash_Read_Uint
                0x000000000800024c       0x64 ./Core/Src/flash.o
                0x000000000800024c                Flash_Read_Uint
 .text.Flash_Read_String
                0x00000000080002b0       0x8c ./Core/Src/flash.o
                0x00000000080002b0                Flash_Read_String
 .text.deleteBuffer8
                0x000000000800033c       0x36 ./Core/Src/flash.o
 *fill*         0x0000000008000372        0x2 
 .text.Flash_Erase
                0x0000000008000374       0x68 ./Core/Src/flash.o
 .text.key_pad  0x00000000080003dc      0x318 ./Core/Src/key_pad_PTV.o
                0x00000000080003dc                key_pad
 .text.lcd_i2c_init
                0x00000000080006f4       0xd6 ./Core/Src/lcd_i2c.o
                0x00000000080006f4                lcd_i2c_init
 .text.lcd_send_cmd
                0x00000000080007ca       0x62 ./Core/Src/lcd_i2c.o
                0x00000000080007ca                lcd_send_cmd
 .text.lcd_send_data
                0x000000000800082c       0x62 ./Core/Src/lcd_i2c.o
                0x000000000800082c                lcd_send_data
 *fill*         0x000000000800088e        0x2 
 .text.lcd_set_cursor
                0x0000000008000890       0x54 ./Core/Src/lcd_i2c.o
                0x0000000008000890                lcd_set_cursor
 .text.lcd_send_string
                0x00000000080008e4       0x2e ./Core/Src/lcd_i2c.o
                0x00000000080008e4                lcd_send_string
 .text.lcd_clear
                0x0000000008000912       0x28 ./Core/Src/lcd_i2c.o
                0x0000000008000912                lcd_clear
 .text.CheckPass
                0x000000000800093a       0x40 ./Core/Src/main.o
                0x000000000800093a                CheckPass
 *fill*         0x000000000800097a        0x2 
 .text.EnterPassWord
                0x000000000800097c      0x140 ./Core/Src/main.o
                0x000000000800097c                EnterPassWord
 .text.hang_0   0x0000000008000abc       0x36 ./Core/Src/main.o
                0x0000000008000abc                hang_0
 .text.vi_tri   0x0000000008000af2       0x44 ./Core/Src/main.o
                0x0000000008000af2                vi_tri
 .text.doi_hang
                0x0000000008000b36       0x76 ./Core/Src/main.o
                0x0000000008000b36                doi_hang
 .text.main     0x0000000008000bac      0x8ac ./Core/Src/main.o
                0x0000000008000bac                main
 .text.SystemClock_Config
                0x0000000008001458       0x8a ./Core/Src/main.o
                0x0000000008001458                SystemClock_Config
 *fill*         0x00000000080014e2        0x2 
 .text.MX_I2C1_Init
                0x00000000080014e4       0x5c ./Core/Src/main.o
 .text.MX_SPI1_Init
                0x0000000008001540       0x6c ./Core/Src/main.o
 .text.MX_TIM2_Init
                0x00000000080015ac       0xec ./Core/Src/main.o
 .text.MX_GPIO_Init
                0x0000000008001698       0xd8 ./Core/Src/main.o
 .text.Error_Handler
                0x0000000008001770        0xa ./Core/Src/main.o
                0x0000000008001770                Error_Handler
 *fill*         0x000000000800177a        0x2 
 .text.RC522_SPI_Transfer
                0x000000000800177c       0x2c ./Core/Src/stm32f1_rc522.o
                0x000000000800177c                RC522_SPI_Transfer
 .text.Write_MFRC522
                0x00000000080017a8       0x4c ./Core/Src/stm32f1_rc522.o
                0x00000000080017a8                Write_MFRC522
 .text.Read_MFRC522
                0x00000000080017f4       0x50 ./Core/Src/stm32f1_rc522.o
                0x00000000080017f4                Read_MFRC522
 .text.SetBitMask
                0x0000000008001844       0x36 ./Core/Src/stm32f1_rc522.o
                0x0000000008001844                SetBitMask
 .text.ClearBitMask
                0x000000000800187a       0x40 ./Core/Src/stm32f1_rc522.o
                0x000000000800187a                ClearBitMask
 .text.AntennaOn
                0x00000000080018ba       0x16 ./Core/Src/stm32f1_rc522.o
                0x00000000080018ba                AntennaOn
 .text.MFRC522_Reset
                0x00000000080018d0       0x10 ./Core/Src/stm32f1_rc522.o
                0x00000000080018d0                MFRC522_Reset
 .text.MFRC522_Init
                0x00000000080018e0       0x5c ./Core/Src/stm32f1_rc522.o
                0x00000000080018e0                MFRC522_Init
 .text.MFRC522_ToCard
                0x000000000800193c      0x192 ./Core/Src/stm32f1_rc522.o
                0x000000000800193c                MFRC522_ToCard
 .text.MFRC522_Request
                0x0000000008001ace       0x4a ./Core/Src/stm32f1_rc522.o
                0x0000000008001ace                MFRC522_Request
 .text.MFRC522_Anticoll
                0x0000000008001b18       0x7a ./Core/Src/stm32f1_rc522.o
                0x0000000008001b18                MFRC522_Anticoll
 *fill*         0x0000000008001b92        0x2 
 .text.HAL_MspInit
                0x0000000008001b94       0x64 ./Core/Src/stm32f1xx_hal_msp.o
                0x0000000008001b94                HAL_MspInit
 .text.HAL_I2C_MspInit
                0x0000000008001bf8       0x7c ./Core/Src/stm32f1xx_hal_msp.o
                0x0000000008001bf8                HAL_I2C_MspInit
 .text.HAL_SPI_MspInit
                0x0000000008001c74       0x94 ./Core/Src/stm32f1xx_hal_msp.o
                0x0000000008001c74                HAL_SPI_MspInit
 .text.HAL_TIM_Base_MspInit
                0x0000000008001d08       0x38 ./Core/Src/stm32f1xx_hal_msp.o
                0x0000000008001d08                HAL_TIM_Base_MspInit
 .text.HAL_TIM_MspPostInit
                0x0000000008001d40       0x8c ./Core/Src/stm32f1xx_hal_msp.o
                0x0000000008001d40                HAL_TIM_MspPostInit
 .text.NMI_Handler
                0x0000000008001dcc        0x6 ./Core/Src/stm32f1xx_it.o
                0x0000000008001dcc                NMI_Handler
 .text.HardFault_Handler
                0x0000000008001dd2        0x6 ./Core/Src/stm32f1xx_it.o
                0x0000000008001dd2                HardFault_Handler
 .text.MemManage_Handler
                0x0000000008001dd8        0x6 ./Core/Src/stm32f1xx_it.o
                0x0000000008001dd8                MemManage_Handler
 .text.BusFault_Handler
                0x0000000008001dde        0x6 ./Core/Src/stm32f1xx_it.o
                0x0000000008001dde                BusFault_Handler
 .text.UsageFault_Handler
                0x0000000008001de4        0x6 ./Core/Src/stm32f1xx_it.o
                0x0000000008001de4                UsageFault_Handler
 .text.SVC_Handler
                0x0000000008001dea        0xc ./Core/Src/stm32f1xx_it.o
                0x0000000008001dea                SVC_Handler
 .text.DebugMon_Handler
                0x0000000008001df6        0xc ./Core/Src/stm32f1xx_it.o
                0x0000000008001df6                DebugMon_Handler
 .text.PendSV_Handler
                0x0000000008001e02        0xc ./Core/Src/stm32f1xx_it.o
                0x0000000008001e02                PendSV_Handler
 .text.SysTick_Handler
                0x0000000008001e0e        0xc ./Core/Src/stm32f1xx_it.o
                0x0000000008001e0e                SysTick_Handler
 .text.SystemInit
                0x0000000008001e1a        0xc ./Core/Src/system_stm32f1xx.o
                0x0000000008001e1a                SystemInit
 *fill*         0x0000000008001e26        0x2 
 .text.Reset_Handler
                0x0000000008001e28       0x48 ./Core/Startup/startup_stm32f103c8tx.o
                0x0000000008001e28                Reset_Handler
 .text.Default_Handler
                0x0000000008001e70        0x2 ./Core/Startup/startup_stm32f103c8tx.o
                0x0000000008001e70                RTC_Alarm_IRQHandler
                0x0000000008001e70                EXTI2_IRQHandler
                0x0000000008001e70                TIM1_CC_IRQHandler
                0x0000000008001e70                PVD_IRQHandler
                0x0000000008001e70                EXTI3_IRQHandler
                0x0000000008001e70                EXTI0_IRQHandler
                0x0000000008001e70                I2C2_EV_IRQHandler
                0x0000000008001e70                ADC1_2_IRQHandler
                0x0000000008001e70                SPI1_IRQHandler
                0x0000000008001e70                TAMPER_IRQHandler
                0x0000000008001e70                DMA1_Channel4_IRQHandler
                0x0000000008001e70                USART3_IRQHandler
                0x0000000008001e70                RTC_IRQHandler
                0x0000000008001e70                DMA1_Channel7_IRQHandler
                0x0000000008001e70                CAN1_RX1_IRQHandler
                0x0000000008001e70                TIM4_IRQHandler
                0x0000000008001e70                I2C1_EV_IRQHandler
                0x0000000008001e70                DMA1_Channel6_IRQHandler
                0x0000000008001e70                TIM3_IRQHandler
                0x0000000008001e70                RCC_IRQHandler
                0x0000000008001e70                TIM1_TRG_COM_IRQHandler
                0x0000000008001e70                DMA1_Channel1_IRQHandler
                0x0000000008001e70                Default_Handler
                0x0000000008001e70                EXTI15_10_IRQHandler
                0x0000000008001e70                EXTI9_5_IRQHandler
                0x0000000008001e70                SPI2_IRQHandler
                0x0000000008001e70                DMA1_Channel5_IRQHandler
                0x0000000008001e70                EXTI4_IRQHandler
                0x0000000008001e70                USB_LP_CAN1_RX0_IRQHandler
                0x0000000008001e70                USB_HP_CAN1_TX_IRQHandler
                0x0000000008001e70                DMA1_Channel3_IRQHandler
                0x0000000008001e70                TIM1_UP_IRQHandler
                0x0000000008001e70                WWDG_IRQHandler
                0x0000000008001e70                TIM2_IRQHandler
                0x0000000008001e70                TIM1_BRK_IRQHandler
                0x0000000008001e70                EXTI1_IRQHandler
                0x0000000008001e70                USART2_IRQHandler
                0x0000000008001e70                I2C2_ER_IRQHandler
                0x0000000008001e70                DMA1_Channel2_IRQHandler
                0x0000000008001e70                CAN1_SCE_IRQHandler
                0x0000000008001e70                FLASH_IRQHandler
                0x0000000008001e70                USART1_IRQHandler
                0x0000000008001e70                I2C1_ER_IRQHandler
                0x0000000008001e70                USBWakeUp_IRQHandler
 *fill*         0x0000000008001e72        0x2 
 .text.HAL_Init
                0x0000000008001e74       0x2c ./Drivers/STM32F1xx_HAL_Driver/Src/stm32f1xx_hal.o
                0x0000000008001e74                HAL_Init
 .text.HAL_InitTick
                0x0000000008001ea0       0x60 ./Drivers/STM32F1xx_HAL_Driver/Src/stm32f1xx_hal.o
                0x0000000008001ea0                HAL_InitTick
 .text.HAL_IncTick
                0x0000000008001f00       0x24 ./Drivers/STM32F1xx_HAL_Driver/Src/stm32f1xx_hal.o
                0x0000000008001f00                HAL_IncTick
 .text.HAL_GetTick
                0x0000000008001f24       0x14 ./Drivers/STM32F1xx_HAL_Driver/Src/stm32f1xx_hal.o
                0x0000000008001f24                HAL_GetTick
 .text.HAL_Delay
                0x0000000008001f38       0x48 ./Drivers/STM32F1xx_HAL_Driver/Src/stm32f1xx_hal.o
                0x0000000008001f38                HAL_Delay
 .text.__NVIC_SetPriorityGrouping
                0x0000000008001f80       0x48 ./Drivers/STM32F1xx_HAL_Driver/Src/stm32f1xx_hal_cortex.o
 .text.__NVIC_GetPriorityGrouping
                0x0000000008001fc8       0x1c ./Drivers/STM32F1xx_HAL_Driver/Src/stm32f1xx_hal_cortex.o
 .text.__NVIC_SetPriority
                0x0000000008001fe4       0x54 ./Drivers/STM32F1xx_HAL_Driver/Src/stm32f1xx_hal_cortex.o
 .text.NVIC_EncodePriority
                0x0000000008002038       0x64 ./Drivers/STM32F1xx_HAL_Driver/Src/stm32f1xx_hal_cortex.o
 .text.SysTick_Config
                0x000000000800209c       0x44 ./Drivers/STM32F1xx_HAL_Driver/Src/stm32f1xx_hal_cortex.o
 .text.HAL_NVIC_SetPriorityGrouping
                0x00000000080020e0       0x16 ./Drivers/STM32F1xx_HAL_Driver/Src/stm32f1xx_hal_cortex.o
                0x00000000080020e0                HAL_NVIC_SetPriorityGrouping
 .text.HAL_NVIC_SetPriority
                0x00000000080020f6       0x38 ./Drivers/STM32F1xx_HAL_Driver/Src/stm32f1xx_hal_cortex.o
                0x00000000080020f6                HAL_NVIC_SetPriority
 .text.HAL_SYSTICK_Config
                0x000000000800212e       0x18 ./Drivers/STM32F1xx_HAL_Driver/Src/stm32f1xx_hal_cortex.o
                0x000000000800212e                HAL_SYSTICK_Config
 *fill*         0x0000000008002146        0x2 
 .text.HAL_FLASH_Unlock
                0x0000000008002148       0x4c ./Drivers/STM32F1xx_HAL_Driver/Src/stm32f1xx_hal_flash.o
                0x0000000008002148                HAL_FLASH_Unlock
 .text.HAL_FLASH_Lock
                0x0000000008002194       0x20 ./Drivers/STM32F1xx_HAL_Driver/Src/stm32f1xx_hal_flash.o
                0x0000000008002194                HAL_FLASH_Lock
 .text.HAL_GPIO_Init
                0x00000000080021b4      0x308 ./Drivers/STM32F1xx_HAL_Driver/Src/stm32f1xx_hal_gpio.o
                0x00000000080021b4                HAL_GPIO_Init
 .text.HAL_GPIO_ReadPin
                0x00000000080024bc       0x2e ./Drivers/STM32F1xx_HAL_Driver/Src/stm32f1xx_hal_gpio.o
                0x00000000080024bc                HAL_GPIO_ReadPin
 .text.HAL_GPIO_WritePin
                0x00000000080024ea       0x30 ./Drivers/STM32F1xx_HAL_Driver/Src/stm32f1xx_hal_gpio.o
                0x00000000080024ea                HAL_GPIO_WritePin
 *fill*         0x000000000800251a        0x2 
 .text.HAL_I2C_Init
                0x000000000800251c      0x288 ./Drivers/STM32F1xx_HAL_Driver/Src/stm32f1xx_hal_i2c.o
                0x000000000800251c                HAL_I2C_Init
 .text.HAL_I2C_Master_Transmit
                0x00000000080027a4      0x1fc ./Drivers/STM32F1xx_HAL_Driver/Src/stm32f1xx_hal_i2c.o
                0x00000000080027a4                HAL_I2C_Master_Transmit
 .text.I2C_MasterRequestWrite
                0x00000000080029a0      0x104 ./Drivers/STM32F1xx_HAL_Driver/Src/stm32f1xx_hal_i2c.o
 .text.I2C_WaitOnFlagUntilTimeout
                0x0000000008002aa4       0xf4 ./Drivers/STM32F1xx_HAL_Driver/Src/stm32f1xx_hal_i2c.o
 .text.I2C_WaitOnMasterAddressFlagUntilTimeout
                0x0000000008002b98      0x140 ./Drivers/STM32F1xx_HAL_Driver/Src/stm32f1xx_hal_i2c.o
 .text.I2C_WaitOnTXEFlagUntilTimeout
                0x0000000008002cd8       0x90 ./Drivers/STM32F1xx_HAL_Driver/Src/stm32f1xx_hal_i2c.o
 .text.I2C_WaitOnBTFFlagUntilTimeout
                0x0000000008002d68       0x90 ./Drivers/STM32F1xx_HAL_Driver/Src/stm32f1xx_hal_i2c.o
 .text.I2C_IsAcknowledgeFailed
                0x0000000008002df8       0x5c ./Drivers/STM32F1xx_HAL_Driver/Src/stm32f1xx_hal_i2c.o
 .text.HAL_RCC_OscConfig
                0x0000000008002e54      0x504 ./Drivers/STM32F1xx_HAL_Driver/Src/stm32f1xx_hal_rcc.o
                0x0000000008002e54                HAL_RCC_OscConfig
 .text.HAL_RCC_ClockConfig
                0x0000000008003358      0x1d4 ./Drivers/STM32F1xx_HAL_Driver/Src/stm32f1xx_hal_rcc.o
                0x0000000008003358                HAL_RCC_ClockConfig
 .text.HAL_RCC_GetSysClockFreq
                0x000000000800352c       0xa8 ./Drivers/STM32F1xx_HAL_Driver/Src/stm32f1xx_hal_rcc.o
                0x000000000800352c                HAL_RCC_GetSysClockFreq
 .text.HAL_RCC_GetHCLKFreq
                0x00000000080035d4       0x14 ./Drivers/STM32F1xx_HAL_Driver/Src/stm32f1xx_hal_rcc.o
                0x00000000080035d4                HAL_RCC_GetHCLKFreq
 .text.HAL_RCC_GetPCLK1Freq
                0x00000000080035e8       0x28 ./Drivers/STM32F1xx_HAL_Driver/Src/stm32f1xx_hal_rcc.o
                0x00000000080035e8                HAL_RCC_GetPCLK1Freq
 .text.RCC_Delay
                0x0000000008003610       0x3c ./Drivers/STM32F1xx_HAL_Driver/Src/stm32f1xx_hal_rcc.o
 .text.HAL_SPI_Init
                0x000000000800364c      0x108 ./Drivers/STM32F1xx_HAL_Driver/Src/stm32f1xx_hal_spi.o
                0x000000000800364c                HAL_SPI_Init
 .text.HAL_SPI_TransmitReceive
                0x0000000008003754      0x360 ./Drivers/STM32F1xx_HAL_Driver/Src/stm32f1xx_hal_spi.o
                0x0000000008003754                HAL_SPI_TransmitReceive
 .text.SPI_WaitFlagStateUntilTimeout
                0x0000000008003ab4      0x110 ./Drivers/STM32F1xx_HAL_Driver/Src/stm32f1xx_hal_spi.o
 .text.SPI_EndRxTxTransaction
                0x0000000008003bc4       0x3c ./Drivers/STM32F1xx_HAL_Driver/Src/stm32f1xx_hal_spi.o
 .text.HAL_TIM_Base_Init
                0x0000000008003c00       0x9e ./Drivers/STM32F1xx_HAL_Driver/Src/stm32f1xx_hal_tim.o
                0x0000000008003c00                HAL_TIM_Base_Init
 .text.HAL_TIM_PWM_Init
                0x0000000008003c9e       0x9e ./Drivers/STM32F1xx_HAL_Driver/Src/stm32f1xx_hal_tim.o
                0x0000000008003c9e                HAL_TIM_PWM_Init
 .text.HAL_TIM_PWM_MspInit
                0x0000000008003d3c       0x12 ./Drivers/STM32F1xx_HAL_Driver/Src/stm32f1xx_hal_tim.o
                0x0000000008003d3c                HAL_TIM_PWM_MspInit
 *fill*         0x0000000008003d4e        0x2 
 .text.HAL_TIM_PWM_Start
                0x0000000008003d50      0x144 ./Drivers/STM32F1xx_HAL_Driver/Src/stm32f1xx_hal_tim.o
                0x0000000008003d50                HAL_TIM_PWM_Start
 .text.HAL_TIM_PWM_ConfigChannel
                0x0000000008003e94      0x184 ./Drivers/STM32F1xx_HAL_Driver/Src/stm32f1xx_hal_tim.o
                0x0000000008003e94                HAL_TIM_PWM_ConfigChannel
 .text.HAL_TIM_ConfigClockSource
                0x0000000008004018      0x18e ./Drivers/STM32F1xx_HAL_Driver/Src/stm32f1xx_hal_tim.o
                0x0000000008004018                HAL_TIM_ConfigClockSource
 *fill*         0x00000000080041a6        0x2 
 .text.TIM_Base_SetConfig
                0x00000000080041a8       0xc4 ./Drivers/STM32F1xx_HAL_Driver/Src/stm32f1xx_hal_tim.o
                0x00000000080041a8                TIM_Base_SetConfig
 .text.TIM_OC1_SetConfig
                0x000000000800426c       0xcc ./Drivers/STM32F1xx_HAL_Driver/Src/stm32f1xx_hal_tim.o
 .text.TIM_OC2_SetConfig
                0x0000000008004338       0xd4 ./Drivers/STM32F1xx_HAL_Driver/Src/stm32f1xx_hal_tim.o
                0x0000000008004338                TIM_OC2_SetConfig
 .text.TIM_OC3_SetConfig
                0x000000000800440c       0xd4 ./Drivers/STM32F1xx_HAL_Driver/Src/stm32f1xx_hal_tim.o
 .text.TIM_OC4_SetConfig
                0x00000000080044e0       0x9c ./Drivers/STM32F1xx_HAL_Driver/Src/stm32f1xx_hal_tim.o
 .text.TIM_TI1_ConfigInputStage
                0x000000000800457c       0x5c ./Drivers/STM32F1xx_HAL_Driver/Src/stm32f1xx_hal_tim.o
 .text.TIM_TI2_ConfigInputStage
                0x00000000080045d8       0x5e ./Drivers/STM32F1xx_HAL_Driver/Src/stm32f1xx_hal_tim.o
 .text.TIM_ITRx_SetConfig
                0x0000000008004636       0x34 ./Drivers/STM32F1xx_HAL_Driver/Src/stm32f1xx_hal_tim.o
 .text.TIM_ETR_SetConfig
                0x000000000800466a       0x3e ./Drivers/STM32F1xx_HAL_Driver/Src/stm32f1xx_hal_tim.o
                0x000000000800466a                TIM_ETR_SetConfig
 .text.TIM_CCxChannelCmd
                0x00000000080046a8       0x48 ./Drivers/STM32F1xx_HAL_Driver/Src/stm32f1xx_hal_tim.o
                0x00000000080046a8                TIM_CCxChannelCmd
 .text.HAL_TIMEx_MasterConfigSynchronization
                0x00000000080046f0       0xbc ./Drivers/STM32F1xx_HAL_Driver/Src/stm32f1xx_hal_tim_ex.o
                0x00000000080046f0                HAL_TIMEx_MasterConfigSynchronization
 .text.memset   0x00000000080047ac       0x10 E:/PIF/STM32CubeIDE_1.13.2/STM32CubeIDE/plugins/com.st.stm32cube.ide.mcu.externaltools.gnu-tools-for-stm32.11.3.rel1.win32_1.1.1.202309131626/tools/bin/../lib/gcc/arm-none-eabi/11.3.1/../../../../arm-none-eabi/lib/thumb/v7-m/nofp\libc_nano.a(libc_a-memset.o)
                0x00000000080047ac                memset
 .text.__libc_init_array
                0x00000000080047bc       0x48 E:/PIF/STM32CubeIDE_1.13.2/STM32CubeIDE/plugins/com.st.stm32cube.ide.mcu.externaltools.gnu-tools-for-stm32.11.3.rel1.win32_1.1.1.202309131626/tools/bin/../lib/gcc/arm-none-eabi/11.3.1/../../../../arm-none-eabi/lib/thumb/v7-m/nofp\libc_nano.a(libc_a-init.o)
                0x00000000080047bc                __libc_init_array
 *(.glue_7)
 .glue_7        0x0000000008004804        0x0 linker stubs
 *(.glue_7t)
 .glue_7t       0x0000000008004804        0x0 linker stubs
 *(.eh_frame)
 .eh_frame      0x0000000008004804        0x0 E:/PIF/STM32CubeIDE_1.13.2/STM32CubeIDE/plugins/com.st.stm32cube.ide.mcu.externaltools.gnu-tools-for-stm32.11.3.rel1.win32_1.1.1.202309131626/tools/bin/../lib/gcc/arm-none-eabi/11.3.1/thumb/v7-m/nofp/crtbegin.o
 *(.init)
 .init          0x0000000008004804        0x4 E:/PIF/STM32CubeIDE_1.13.2/STM32CubeIDE/plugins/com.st.stm32cube.ide.mcu.externaltools.gnu-tools-for-stm32.11.3.rel1.win32_1.1.1.202309131626/tools/bin/../lib/gcc/arm-none-eabi/11.3.1/thumb/v7-m/nofp/crti.o
                0x0000000008004804                _init
 .init          0x0000000008004808        0x8 E:/PIF/STM32CubeIDE_1.13.2/STM32CubeIDE/plugins/com.st.stm32cube.ide.mcu.externaltools.gnu-tools-for-stm32.11.3.rel1.win32_1.1.1.202309131626/tools/bin/../lib/gcc/arm-none-eabi/11.3.1/thumb/v7-m/nofp/crtn.o
 *(.fini)
 .fini          0x0000000008004810        0x4 E:/PIF/STM32CubeIDE_1.13.2/STM32CubeIDE/plugins/com.st.stm32cube.ide.mcu.externaltools.gnu-tools-for-stm32.11.3.rel1.win32_1.1.1.202309131626/tools/bin/../lib/gcc/arm-none-eabi/11.3.1/thumb/v7-m/nofp/crti.o
                0x0000000008004810                _fini
 .fini          0x0000000008004814        0x8 E:/PIF/STM32CubeIDE_1.13.2/STM32CubeIDE/plugins/com.st.stm32cube.ide.mcu.externaltools.gnu-tools-for-stm32.11.3.rel1.win32_1.1.1.202309131626/tools/bin/../lib/gcc/arm-none-eabi/11.3.1/thumb/v7-m/nofp/crtn.o
                0x000000000800481c                . = ALIGN (0x4)
                0x000000000800481c                _etext = .

.vfp11_veneer   0x000000000800481c        0x0
 .vfp11_veneer  0x000000000800481c        0x0 linker stubs

.v4_bx          0x000000000800481c        0x0
 .v4_bx         0x000000000800481c        0x0 linker stubs

.iplt           0x000000000800481c        0x0
 .iplt          0x000000000800481c        0x0 E:/PIF/STM32CubeIDE_1.13.2/STM32CubeIDE/plugins/com.st.stm32cube.ide.mcu.externaltools.gnu-tools-for-stm32.11.3.rel1.win32_1.1.1.202309131626/tools/bin/../lib/gcc/arm-none-eabi/11.3.1/thumb/v7-m/nofp/crtbegin.o

.rodata         0x000000000800481c       0xa4
                0x000000000800481c                . = ALIGN (0x4)
 *(.rodata)
 .rodata        0x000000000800481c       0x75 ./Core/Src/main.o
 *(.rodata*)
 *fill*         0x0000000008004891        0x3 
 .rodata.AHBPrescTable
                0x0000000008004894       0x10 ./Core/Src/system_stm32f1xx.o
                0x0000000008004894                AHBPrescTable
 .rodata.APBPrescTable
                0x00000000080048a4        0x8 ./Core/Src/system_stm32f1xx.o
                0x00000000080048a4                APBPrescTable
 .rodata.aPLLMULFactorTable.1
                0x00000000080048ac       0x10 ./Drivers/STM32F1xx_HAL_Driver/Src/stm32f1xx_hal_rcc.o
 .rodata.aPredivFactorTable.0
                0x00000000080048bc        0x2 ./Drivers/STM32F1xx_HAL_Driver/Src/stm32f1xx_hal_rcc.o
                0x00000000080048c0                . = ALIGN (0x4)
 *fill*         0x00000000080048be        0x2 

.rel.dyn        0x00000000080048c0        0x0
 .rel.iplt      0x00000000080048c0        0x0 E:/PIF/STM32CubeIDE_1.13.2/STM32CubeIDE/plugins/com.st.stm32cube.ide.mcu.externaltools.gnu-tools-for-stm32.11.3.rel1.win32_1.1.1.202309131626/tools/bin/../lib/gcc/arm-none-eabi/11.3.1/thumb/v7-m/nofp/crtbegin.o

.ARM.extab      0x00000000080048c0        0x0
                0x00000000080048c0                . = ALIGN (0x4)
 *(.ARM.extab* .gnu.linkonce.armextab.*)
                0x00000000080048c0                . = ALIGN (0x4)

.ARM            0x00000000080048c0        0x0
                0x00000000080048c0                . = ALIGN (0x4)
                0x00000000080048c0                __exidx_start = .
 *(.ARM.exidx*)
                0x00000000080048c0                __exidx_end = .
                0x00000000080048c0                . = ALIGN (0x4)

.preinit_array  0x00000000080048c0        0x0
                0x00000000080048c0                . = ALIGN (0x4)
                0x00000000080048c0                PROVIDE (__preinit_array_start = .)
 *(.preinit_array*)
                0x00000000080048c0                PROVIDE (__preinit_array_end = .)
                0x00000000080048c0                . = ALIGN (0x4)

.init_array     0x00000000080048c0        0x4
                0x00000000080048c0                . = ALIGN (0x4)
                0x00000000080048c0                PROVIDE (__init_array_start = .)
 *(SORT_BY_NAME(.init_array.*))
 *(.init_array*)
 .init_array    0x00000000080048c0        0x4 E:/PIF/STM32CubeIDE_1.13.2/STM32CubeIDE/plugins/com.st.stm32cube.ide.mcu.externaltools.gnu-tools-for-stm32.11.3.rel1.win32_1.1.1.202309131626/tools/bin/../lib/gcc/arm-none-eabi/11.3.1/thumb/v7-m/nofp/crtbegin.o
                0x00000000080048c4                PROVIDE (__init_array_end = .)
                0x00000000080048c4                . = ALIGN (0x4)

.fini_array     0x00000000080048c4        0x4
                0x00000000080048c4                . = ALIGN (0x4)
                [!provide]                        PROVIDE (__fini_array_start = .)
 *(SORT_BY_NAME(.fini_array.*))
 *(.fini_array*)
 .fini_array    0x00000000080048c4        0x4 E:/PIF/STM32CubeIDE_1.13.2/STM32CubeIDE/plugins/com.st.stm32cube.ide.mcu.externaltools.gnu-tools-for-stm32.11.3.rel1.win32_1.1.1.202309131626/tools/bin/../lib/gcc/arm-none-eabi/11.3.1/thumb/v7-m/nofp/crtbegin.o
                [!provide]                        PROVIDE (__fini_array_end = .)
                0x00000000080048c8                . = ALIGN (0x4)
                0x00000000080048c8                _sidata = LOADADDR (.data)

.data           0x0000000020000000       0x18 load address 0x00000000080048c8
                0x0000000020000000                . = ALIGN (0x4)
                0x0000000020000000                _sdata = .
 *(.data)
 *(.data*)
 .data.keycard_1
                0x0000000020000000        0x5 ./Core/Src/main.o
                0x0000000020000000                keycard_1
 .data.so_the   0x0000000020000005        0x1 ./Core/Src/main.o
 *fill*         0x0000000020000006        0x2 
 .data.password
                0x0000000020000008        0x4 ./Core/Src/main.o
                0x0000000020000008                password
 .data.SystemCoreClock
                0x000000002000000c        0x4 ./Core/Src/system_stm32f1xx.o
                0x000000002000000c                SystemCoreClock
 .data.uwTickPrio
                0x0000000020000010        0x4 ./Drivers/STM32F1xx_HAL_Driver/Src/stm32f1xx_hal.o
                0x0000000020000010                uwTickPrio
 .data.uwTickFreq
                0x0000000020000014        0x1 ./Drivers/STM32F1xx_HAL_Driver/Src/stm32f1xx_hal.o
                0x0000000020000014                uwTickFreq
 *(.RamFunc)
 *(.RamFunc*)
                0x0000000020000018                . = ALIGN (0x4)
 *fill*         0x0000000020000015        0x3 
                0x0000000020000018                _edata = .

.igot.plt       0x0000000020000018        0x0 load address 0x00000000080048e0
 .igot.plt      0x0000000020000018        0x0 E:/PIF/STM32CubeIDE_1.13.2/STM32CubeIDE/plugins/com.st.stm32cube.ide.mcu.externaltools.gnu-tools-for-stm32.11.3.rel1.win32_1.1.1.202309131626/tools/bin/../lib/gcc/arm-none-eabi/11.3.1/thumb/v7-m/nofp/crtbegin.o
                0x0000000020000018                . = ALIGN (0x4)

.bss            0x0000000020000018      0x190 load address 0x00000000080048e0
                0x0000000020000018                _sbss = .
                0x0000000020000018                __bss_start__ = _sbss
 *(.bss)
 .bss           0x0000000020000018       0x1c E:/PIF/STM32CubeIDE_1.13.2/STM32CubeIDE/plugins/com.st.stm32cube.ide.mcu.externaltools.gnu-tools-for-stm32.11.3.rel1.win32_1.1.1.202309131626/tools/bin/../lib/gcc/arm-none-eabi/11.3.1/thumb/v7-m/nofp/crtbegin.o
 *(.bss*)
 .bss.hi2c1     0x0000000020000034       0x54 ./Core/Src/main.o
                0x0000000020000034                hi2c1
 .bss.hspi1     0x0000000020000088       0x58 ./Core/Src/main.o
                0x0000000020000088                hspi1
 .bss.htim2     0x00000000200000e0       0x48 ./Core/Src/main.o
                0x00000000200000e0                htim2
 .bss.status    0x0000000020000128        0x1 ./Core/Src/main.o
                0x0000000020000128                status
 *fill*         0x0000000020000129        0x3 
 .bss.str       0x000000002000012c       0x10 ./Core/Src/main.o
                0x000000002000012c                str
 .bss.serNum    0x000000002000013c        0x5 ./Core/Src/main.o
                0x000000002000013c                serNum
 .bss.status_1  0x0000000020000141        0x1 ./Core/Src/main.o
                0x0000000020000141                status_1
 *fill*         0x0000000020000142        0x2 
 .bss.str_1     0x0000000020000144       0x10 ./Core/Src/main.o
                0x0000000020000144                str_1
 .bss.serNum_1  0x0000000020000154        0x5 ./Core/Src/main.o
                0x0000000020000154                serNum_1
 *fill*         0x0000000020000159        0x3 
 .bss.keycard_main
                0x000000002000015c       0x19 ./Core/Src/main.o
                0x000000002000015c                keycard_main
 *fill*         0x0000000020000175        0x3 
 .bss.dem       0x0000000020000178        0x4 ./Core/Src/main.o
                0x0000000020000178                dem
 .bss.temp      0x000000002000017c        0x1 ./Core/Src/main.o
                0x000000002000017c                temp
 *fill*         0x000000002000017d        0x3 
 .bss.keypass   0x0000000020000180        0x4 ./Core/Src/main.o
                0x0000000020000180                keypass
 .bss.cnt       0x0000000020000184        0x4 ./Core/Src/main.o
                0x0000000020000184                cnt
 .bss.them      0x0000000020000188        0x4 ./Core/Src/main.o
                0x0000000020000188                them
 .bss.xoa       0x000000002000018c        0x4 ./Core/Src/main.o
                0x000000002000018c                xoa
 .bss.doi       0x0000000020000190        0x4 ./Core/Src/main.o
                0x0000000020000190                doi
 .bss.dem_so_trung
                0x0000000020000194        0x4 ./Core/Src/main.o
                0x0000000020000194                dem_so_trung
 .bss.p_LCD     0x0000000020000198        0xc ./Core/Src/main.o
                0x0000000020000198                p_LCD
 .bss.uwTick    0x00000000200001a4        0x4 ./Drivers/STM32F1xx_HAL_Driver/Src/stm32f1xx_hal.o
                0x00000000200001a4                uwTick
 *(COMMON)
                0x00000000200001a8                . = ALIGN (0x4)
                0x00000000200001a8                _ebss = .
                0x00000000200001a8                __bss_end__ = _ebss

._user_heap_stack
                0x00000000200001a8      0x600 load address 0x00000000080048e0
                0x00000000200001a8                . = ALIGN (0x8)
                [!provide]                        PROVIDE (end = .)
                0x00000000200001a8                PROVIDE (_end = .)
                0x00000000200003a8                . = (. + _Min_Heap_Size)
 *fill*         0x00000000200001a8      0x200 
                0x00000000200007a8                . = (. + _Min_Stack_Size)
 *fill*         0x00000000200003a8      0x400 
                0x00000000200007a8                . = ALIGN (0x8)

/DISCARD/
 libc.a(*)
 libm.a(*)
 libgcc.a(*)

.ARM.attributes
                0x0000000000000000       0x29
 *(.ARM.attributes)
 .ARM.attributes
                0x0000000000000000       0x1d E:/PIF/STM32CubeIDE_1.13.2/STM32CubeIDE/plugins/com.st.stm32cube.ide.mcu.externaltools.gnu-tools-for-stm32.11.3.rel1.win32_1.1.1.202309131626/tools/bin/../lib/gcc/arm-none-eabi/11.3.1/thumb/v7-m/nofp/crti.o
 .ARM.attributes
                0x000000000000001d       0x2d E:/PIF/STM32CubeIDE_1.13.2/STM32CubeIDE/plugins/com.st.stm32cube.ide.mcu.externaltools.gnu-tools-for-stm32.11.3.rel1.win32_1.1.1.202309131626/tools/bin/../lib/gcc/arm-none-eabi/11.3.1/thumb/v7-m/nofp/crtbegin.o
 .ARM.attributes
                0x000000000000004a       0x2d ./Core/Src/flash.o
 .ARM.attributes
                0x0000000000000077       0x2d ./Core/Src/key_pad_PTV.o
 .ARM.attributes
                0x00000000000000a4       0x2d ./Core/Src/lcd_i2c.o
 .ARM.attributes
                0x00000000000000d1       0x2d ./Core/Src/main.o
 .ARM.attributes
                0x00000000000000fe       0x2d ./Core/Src/stm32f1_rc522.o
 .ARM.attributes
                0x000000000000012b       0x2d ./Core/Src/stm32f1xx_hal_msp.o
 .ARM.attributes
                0x0000000000000158       0x2d ./Core/Src/stm32f1xx_it.o
 .ARM.attributes
                0x0000000000000185       0x2d ./Core/Src/system_stm32f1xx.o
 .ARM.attributes
                0x00000000000001b2       0x21 ./Core/Startup/startup_stm32f103c8tx.o
 .ARM.attributes
                0x00000000000001d3       0x2d ./Drivers/STM32F1xx_HAL_Driver/Src/stm32f1xx_hal.o
 .ARM.attributes
                0x0000000000000200       0x2d ./Drivers/STM32F1xx_HAL_Driver/Src/stm32f1xx_hal_cortex.o
 .ARM.attributes
                0x000000000000022d       0x2d ./Drivers/STM32F1xx_HAL_Driver/Src/stm32f1xx_hal_flash.o
 .ARM.attributes
                0x000000000000025a       0x2d ./Drivers/STM32F1xx_HAL_Driver/Src/stm32f1xx_hal_gpio.o
 .ARM.attributes
                0x0000000000000287       0x2d ./Drivers/STM32F1xx_HAL_Driver/Src/stm32f1xx_hal_i2c.o
 .ARM.attributes
                0x00000000000002b4       0x2d ./Drivers/STM32F1xx_HAL_Driver/Src/stm32f1xx_hal_rcc.o
 .ARM.attributes
                0x00000000000002e1       0x2d ./Drivers/STM32F1xx_HAL_Driver/Src/stm32f1xx_hal_spi.o
 .ARM.attributes
                0x000000000000030e       0x2d ./Drivers/STM32F1xx_HAL_Driver/Src/stm32f1xx_hal_tim.o
 .ARM.attributes
                0x000000000000033b       0x2d ./Drivers/STM32F1xx_HAL_Driver/Src/stm32f1xx_hal_tim_ex.o
 .ARM.attributes
                0x0000000000000368       0x2d E:/PIF/STM32CubeIDE_1.13.2/STM32CubeIDE/plugins/com.st.stm32cube.ide.mcu.externaltools.gnu-tools-for-stm32.11.3.rel1.win32_1.1.1.202309131626/tools/bin/../lib/gcc/arm-none-eabi/11.3.1/../../../../arm-none-eabi/lib/thumb/v7-m/nofp\libc_nano.a(libc_a-memset.o)
 .ARM.attributes
                0x0000000000000395       0x2d E:/PIF/STM32CubeIDE_1.13.2/STM32CubeIDE/plugins/com.st.stm32cube.ide.mcu.externaltools.gnu-tools-for-stm32.11.3.rel1.win32_1.1.1.202309131626/tools/bin/../lib/gcc/arm-none-eabi/11.3.1/../../../../arm-none-eabi/lib/thumb/v7-m/nofp\libc_nano.a(libc_a-init.o)
 .ARM.attributes
                0x00000000000003c2       0x1d E:/PIF/STM32CubeIDE_1.13.2/STM32CubeIDE/plugins/com.st.stm32cube.ide.mcu.externaltools.gnu-tools-for-stm32.11.3.rel1.win32_1.1.1.202309131626/tools/bin/../lib/gcc/arm-none-eabi/11.3.1/thumb/v7-m/nofp/crtn.o
OUTPUT(Co_len_nao.elf elf32-littlearm)
LOAD linker stubs
LOAD E:/PIF/STM32CubeIDE_1.13.2/STM32CubeIDE/plugins/com.st.stm32cube.ide.mcu.externaltools.gnu-tools-for-stm32.11.3.rel1.win32_1.1.1.202309131626/tools/bin/../lib/gcc/arm-none-eabi/11.3.1/../../../../arm-none-eabi/lib/thumb/v7-m/nofp\libc.a
LOAD E:/PIF/STM32CubeIDE_1.13.2/STM32CubeIDE/plugins/com.st.stm32cube.ide.mcu.externaltools.gnu-tools-for-stm32.11.3.rel1.win32_1.1.1.202309131626/tools/bin/../lib/gcc/arm-none-eabi/11.3.1/../../../../arm-none-eabi/lib/thumb/v7-m/nofp\libm.a
LOAD E:/PIF/STM32CubeIDE_1.13.2/STM32CubeIDE/plugins/com.st.stm32cube.ide.mcu.externaltools.gnu-tools-for-stm32.11.3.rel1.win32_1.1.1.202309131626/tools/bin/../lib/gcc/arm-none-eabi/11.3.1/thumb/v7-m/nofp\libgcc.a

.comment        0x0000000000000000       0x43
 .comment       0x0000000000000000       0x43 E:/PIF/STM32CubeIDE_1.13.2/STM32CubeIDE/plugins/com.st.stm32cube.ide.mcu.externaltools.gnu-tools-for-stm32.11.3.rel1.win32_1.1.1.202309131626/tools/bin/../lib/gcc/arm-none-eabi/11.3.1/thumb/v7-m/nofp/crtbegin.o
                                         0x44 (size before relaxing)
 .comment       0x0000000000000043       0x44 ./Core/Src/flash.o
 .comment       0x0000000000000043       0x44 ./Core/Src/key_pad_PTV.o
 .comment       0x0000000000000043       0x44 ./Core/Src/lcd_i2c.o
 .comment       0x0000000000000043       0x44 ./Core/Src/main.o
 .comment       0x0000000000000043       0x44 ./Core/Src/stm32f1_rc522.o
 .comment       0x0000000000000043       0x44 ./Core/Src/stm32f1xx_hal_msp.o
 .comment       0x0000000000000043       0x44 ./Core/Src/stm32f1xx_it.o
 .comment       0x0000000000000043       0x44 ./Core/Src/system_stm32f1xx.o
 .comment       0x0000000000000043       0x44 ./Drivers/STM32F1xx_HAL_Driver/Src/stm32f1xx_hal.o
 .comment       0x0000000000000043       0x44 ./Drivers/STM32F1xx_HAL_Driver/Src/stm32f1xx_hal_cortex.o
 .comment       0x0000000000000043       0x44 ./Drivers/STM32F1xx_HAL_Driver/Src/stm32f1xx_hal_flash.o
 .comment       0x0000000000000043       0x44 ./Drivers/STM32F1xx_HAL_Driver/Src/stm32f1xx_hal_gpio.o
 .comment       0x0000000000000043       0x44 ./Drivers/STM32F1xx_HAL_Driver/Src/stm32f1xx_hal_i2c.o
 .comment       0x0000000000000043       0x44 ./Drivers/STM32F1xx_HAL_Driver/Src/stm32f1xx_hal_rcc.o
 .comment       0x0000000000000043       0x44 ./Drivers/STM32F1xx_HAL_Driver/Src/stm32f1xx_hal_spi.o
 .comment       0x0000000000000043       0x44 ./Drivers/STM32F1xx_HAL_Driver/Src/stm32f1xx_hal_tim.o
 .comment       0x0000000000000043       0x44 ./Drivers/STM32F1xx_HAL_Driver/Src/stm32f1xx_hal_tim_ex.o

.debug_info     0x0000000000000000     0xe410
 .debug_info    0x0000000000000000      0x822 ./Core/Src/flash.o
 .debug_info    0x0000000000000822      0x1ab ./Core/Src/key_pad_PTV.o
 .debug_info    0x00000000000009cd      0x812 ./Core/Src/lcd_i2c.o
 .debug_info    0x00000000000011df     0x17e7 ./Core/Src/main.o
 .debug_info    0x00000000000029c6      0xbba ./Core/Src/stm32f1_rc522.o
 .debug_info    0x0000000000003580      0xf47 ./Core/Src/stm32f1xx_hal_msp.o
 .debug_info    0x00000000000044c7      0x113 ./Core/Src/stm32f1xx_it.o
 .debug_info    0x00000000000045da      0x222 ./Core/Src/system_stm32f1xx.o
 .debug_info    0x00000000000047fc       0x23 ./Core/Startup/startup_stm32f103c8tx.o
 .debug_info    0x000000000000481f      0x704 ./Drivers/STM32F1xx_HAL_Driver/Src/stm32f1xx_hal.o
 .debug_info    0x0000000000004f23      0xa87 ./Drivers/STM32F1xx_HAL_Driver/Src/stm32f1xx_hal_cortex.o
 .debug_info    0x00000000000059aa      0x4f8 ./Drivers/STM32F1xx_HAL_Driver/Src/stm32f1xx_hal_flash.o
 .debug_info    0x0000000000005ea2      0x5ab ./Drivers/STM32F1xx_HAL_Driver/Src/stm32f1xx_hal_gpio.o
 .debug_info    0x000000000000644d     0x2515 ./Drivers/STM32F1xx_HAL_Driver/Src/stm32f1xx_hal_i2c.o
 .debug_info    0x0000000000008962      0x7d5 ./Drivers/STM32F1xx_HAL_Driver/Src/stm32f1xx_hal_rcc.o
 .debug_info    0x0000000000009137     0x1503 ./Drivers/STM32F1xx_HAL_Driver/Src/stm32f1xx_hal_spi.o
 .debug_info    0x000000000000a63a     0x293b ./Drivers/STM32F1xx_HAL_Driver/Src/stm32f1xx_hal_tim.o
 .debug_info    0x000000000000cf75     0x149b ./Drivers/STM32F1xx_HAL_Driver/Src/stm32f1xx_hal_tim_ex.o

.debug_abbrev   0x0000000000000000     0x2492
 .debug_abbrev  0x0000000000000000      0x217 ./Core/Src/flash.o
 .debug_abbrev  0x0000000000000217       0xf7 ./Core/Src/key_pad_PTV.o
 .debug_abbrev  0x000000000000030e      0x1a6 ./Core/Src/lcd_i2c.o
 .debug_abbrev  0x00000000000004b4      0x388 ./Core/Src/main.o
 .debug_abbrev  0x000000000000083c      0x29c ./Core/Src/stm32f1_rc522.o
 .debug_abbrev  0x0000000000000ad8      0x210 ./Core/Src/stm32f1xx_hal_msp.o
 .debug_abbrev  0x0000000000000ce8       0x73 ./Core/Src/stm32f1xx_it.o
 .debug_abbrev  0x0000000000000d5b      0x13f ./Core/Src/system_stm32f1xx.o
 .debug_abbrev  0x0000000000000e9a       0x12 ./Core/Startup/startup_stm32f103c8tx.o
 .debug_abbrev  0x0000000000000eac      0x201 ./Drivers/STM32F1xx_HAL_Driver/Src/stm32f1xx_hal.o
 .debug_abbrev  0x00000000000010ad      0x2f8 ./Drivers/STM32F1xx_HAL_Driver/Src/stm32f1xx_hal_cortex.o
 .debug_abbrev  0x00000000000013a5      0x250 ./Drivers/STM32F1xx_HAL_Driver/Src/stm32f1xx_hal_flash.o
 .debug_abbrev  0x00000000000015f5      0x1ca ./Drivers/STM32F1xx_HAL_Driver/Src/stm32f1xx_hal_gpio.o
 .debug_abbrev  0x00000000000017bf      0x2a3 ./Drivers/STM32F1xx_HAL_Driver/Src/stm32f1xx_hal_i2c.o
 .debug_abbrev  0x0000000000001a62      0x2b3 ./Drivers/STM32F1xx_HAL_Driver/Src/stm32f1xx_hal_rcc.o
 .debug_abbrev  0x0000000000001d15      0x284 ./Drivers/STM32F1xx_HAL_Driver/Src/stm32f1xx_hal_spi.o
 .debug_abbrev  0x0000000000001f99      0x277 ./Drivers/STM32F1xx_HAL_Driver/Src/stm32f1xx_hal_tim.o
 .debug_abbrev  0x0000000000002210      0x282 ./Drivers/STM32F1xx_HAL_Driver/Src/stm32f1xx_hal_tim_ex.o

.debug_aranges  0x0000000000000000     0x1038
 .debug_aranges
                0x0000000000000000       0xa8 ./Core/Src/flash.o
 .debug_aranges
                0x00000000000000a8       0x20 ./Core/Src/key_pad_PTV.o
 .debug_aranges
                0x00000000000000c8       0x48 ./Core/Src/lcd_i2c.o
 .debug_aranges
                0x0000000000000110       0x78 ./Core/Src/main.o
 .debug_aranges
                0x0000000000000188       0xa8 ./Core/Src/stm32f1_rc522.o
 .debug_aranges
                0x0000000000000230       0x58 ./Core/Src/stm32f1xx_hal_msp.o
 .debug_aranges
                0x0000000000000288       0x60 ./Core/Src/stm32f1xx_it.o
 .debug_aranges
                0x00000000000002e8       0x28 ./Core/Src/system_stm32f1xx.o
 .debug_aranges
                0x0000000000000310       0x28 ./Core/Startup/startup_stm32f103c8tx.o
 .debug_aranges
                0x0000000000000338       0xe0 ./Drivers/STM32F1xx_HAL_Driver/Src/stm32f1xx_hal.o
 .debug_aranges
                0x0000000000000418      0x100 ./Drivers/STM32F1xx_HAL_Driver/Src/stm32f1xx_hal_cortex.o
 .debug_aranges
                0x0000000000000518       0x88 ./Drivers/STM32F1xx_HAL_Driver/Src/stm32f1xx_hal_flash.o
 .debug_aranges
                0x00000000000005a0       0x58 ./Drivers/STM32F1xx_HAL_Driver/Src/stm32f1xx_hal_gpio.o
 .debug_aranges
                0x00000000000005f8      0x2a8 ./Drivers/STM32F1xx_HAL_Driver/Src/stm32f1xx_hal_i2c.o
 .debug_aranges
                0x00000000000008a0       0x90 ./Drivers/STM32F1xx_HAL_Driver/Src/stm32f1xx_hal_rcc.o
 .debug_aranges
                0x0000000000000930      0x1d0 ./Drivers/STM32F1xx_HAL_Driver/Src/stm32f1xx_hal_spi.o
 .debug_aranges
                0x0000000000000b00      0x3d0 ./Drivers/STM32F1xx_HAL_Driver/Src/stm32f1xx_hal_tim.o
 .debug_aranges
                0x0000000000000ed0      0x168 ./Drivers/STM32F1xx_HAL_Driver/Src/stm32f1xx_hal_tim_ex.o

.debug_rnglists
                0x0000000000000000      0xcaa
 .debug_rnglists
                0x0000000000000000       0x7f ./Core/Src/flash.o
 .debug_rnglists
                0x000000000000007f       0x14 ./Core/Src/key_pad_PTV.o
 .debug_rnglists
                0x0000000000000093       0x32 ./Core/Src/lcd_i2c.o
 .debug_rnglists
                0x00000000000000c5       0x5a ./Core/Src/main.o
 .debug_rnglists
                0x000000000000011f       0x7e ./Core/Src/stm32f1_rc522.o
 .debug_rnglists
                0x000000000000019d       0x3f ./Core/Src/stm32f1xx_hal_msp.o
 .debug_rnglists
                0x00000000000001dc       0x43 ./Core/Src/stm32f1xx_it.o
 .debug_rnglists
                0x000000000000021f       0x1a ./Core/Src/system_stm32f1xx.o
 .debug_rnglists
                0x0000000000000239       0x19 ./Core/Startup/startup_stm32f103c8tx.o
 .debug_rnglists
                0x0000000000000252       0xa3 ./Drivers/STM32F1xx_HAL_Driver/Src/stm32f1xx_hal.o
 .debug_rnglists
                0x00000000000002f5       0xbb ./Drivers/STM32F1xx_HAL_Driver/Src/stm32f1xx_hal_cortex.o
 .debug_rnglists
                0x00000000000003b0       0x66 ./Drivers/STM32F1xx_HAL_Driver/Src/stm32f1xx_hal_flash.o
 .debug_rnglists
                0x0000000000000416       0x3f ./Drivers/STM32F1xx_HAL_Driver/Src/stm32f1xx_hal_gpio.o
 .debug_rnglists
                0x0000000000000455      0x23c ./Drivers/STM32F1xx_HAL_Driver/Src/stm32f1xx_hal_i2c.o
 .debug_rnglists
                0x0000000000000691       0x6c ./Drivers/STM32F1xx_HAL_Driver/Src/stm32f1xx_hal_rcc.o
 .debug_rnglists
                0x00000000000006fd      0x16e ./Drivers/STM32F1xx_HAL_Driver/Src/stm32f1xx_hal_spi.o
 .debug_rnglists
                0x000000000000086b      0x31a ./Drivers/STM32F1xx_HAL_Driver/Src/stm32f1xx_hal_tim.o
 .debug_rnglists
                0x0000000000000b85      0x125 ./Drivers/STM32F1xx_HAL_Driver/Src/stm32f1xx_hal_tim_ex.o

.debug_macro    0x0000000000000000    0x186be
 .debug_macro   0x0000000000000000      0x1b6 ./Core/Src/flash.o
 .debug_macro   0x00000000000001b6      0xa9c ./Core/Src/flash.o
 .debug_macro   0x0000000000000c52      0x221 ./Core/Src/flash.o
 .debug_macro   0x0000000000000e73       0x2e ./Core/Src/flash.o
 .debug_macro   0x0000000000000ea1       0x22 ./Core/Src/flash.o
 .debug_macro   0x0000000000000ec3       0x22 ./Core/Src/flash.o
 .debug_macro   0x0000000000000ee5       0x8e ./Core/Src/flash.o
 .debug_macro   0x0000000000000f73       0x51 ./Core/Src/flash.o
 .debug_macro   0x0000000000000fc4      0x103 ./Core/Src/flash.o
 .debug_macro   0x00000000000010c7       0x6a ./Core/Src/flash.o
 .debug_macro   0x0000000000001131      0x1df ./Core/Src/flash.o
 .debug_macro   0x0000000000001310       0x1c ./Core/Src/flash.o
 .debug_macro   0x000000000000132c       0x22 ./Core/Src/flash.o
 .debug_macro   0x000000000000134e       0xbd ./Core/Src/flash.o
 .debug_macro   0x000000000000140b      0xd23 ./Core/Src/flash.o
 .debug_macro   0x000000000000212e     0xe09e ./Core/Src/flash.o
 .debug_macro   0x00000000000101cc       0x6d ./Core/Src/flash.o
 .debug_macro   0x0000000000010239     0x348d ./Core/Src/flash.o
 .debug_macro   0x00000000000136c6      0x174 ./Core/Src/flash.o
 .debug_macro   0x000000000001383a       0x5c ./Core/Src/flash.o
 .debug_macro   0x0000000000013896      0x5bc ./Core/Src/flash.o
 .debug_macro   0x0000000000013e52      0x289 ./Core/Src/flash.o
 .debug_macro   0x00000000000140db      0x1cb ./Core/Src/flash.o
 .debug_macro   0x00000000000142a6      0x114 ./Core/Src/flash.o
 .debug_macro   0x00000000000143ba      0x1b2 ./Core/Src/flash.o
 .debug_macro   0x000000000001456c       0x27 ./Core/Src/flash.o
 .debug_macro   0x0000000000014593      0x136 ./Core/Src/flash.o
 .debug_macro   0x00000000000146c9      0x1bc ./Core/Src/flash.o
 .debug_macro   0x0000000000014885       0x34 ./Core/Src/flash.o
 .debug_macro   0x00000000000148b9       0x3c ./Core/Src/flash.o
 .debug_macro   0x00000000000148f5       0x57 ./Core/Src/flash.o
 .debug_macro   0x000000000001494c       0x87 ./Core/Src/flash.o
 .debug_macro   0x00000000000149d3      0x240 ./Core/Src/flash.o
 .debug_macro   0x0000000000014c13      0x287 ./Core/Src/flash.o
 .debug_macro   0x0000000000014e9a      0x140 ./Core/Src/flash.o
 .debug_macro   0x0000000000014fda      0x217 ./Core/Src/flash.o
 .debug_macro   0x00000000000151f1      0x8ed ./Core/Src/flash.o
 .debug_macro   0x0000000000015ade       0x83 ./Core/Src/flash.o
 .debug_macro   0x0000000000015b61       0x40 ./Core/Src/flash.o
 .debug_macro   0x0000000000015ba1      0x1ca ./Core/Src/key_pad_PTV.o
 .debug_macro   0x0000000000015d6b       0x7c ./Core/Src/key_pad_PTV.o
 .debug_macro   0x0000000000015de7      0x2d3 ./Core/Src/lcd_i2c.o
 .debug_macro   0x00000000000160ba       0x61 ./Core/Src/lcd_i2c.o
 .debug_macro   0x000000000001611b       0x24 ./Core/Src/lcd_i2c.o
 .debug_macro   0x000000000001613f       0x43 ./Core/Src/lcd_i2c.o
 .debug_macro   0x0000000000016182       0x34 ./Core/Src/lcd_i2c.o
 .debug_macro   0x00000000000161b6       0x16 ./Core/Src/lcd_i2c.o
 .debug_macro   0x00000000000161cc       0x35 ./Core/Src/lcd_i2c.o
 .debug_macro   0x0000000000016201      0x369 ./Core/Src/lcd_i2c.o
 .debug_macro   0x000000000001656a       0x10 ./Core/Src/lcd_i2c.o
 .debug_macro   0x000000000001657a       0x16 ./Core/Src/lcd_i2c.o
 .debug_macro   0x0000000000016590       0x43 ./Core/Src/lcd_i2c.o
 .debug_macro   0x00000000000165d3       0x34 ./Core/Src/lcd_i2c.o
 .debug_macro   0x0000000000016607       0x10 ./Core/Src/lcd_i2c.o
 .debug_macro   0x0000000000016617       0x58 ./Core/Src/lcd_i2c.o
 .debug_macro   0x000000000001666f       0x8e ./Core/Src/lcd_i2c.o
 .debug_macro   0x00000000000166fd       0x1c ./Core/Src/lcd_i2c.o
 .debug_macro   0x0000000000016719      0x177 ./Core/Src/lcd_i2c.o
 .debug_macro   0x0000000000016890       0x16 ./Core/Src/lcd_i2c.o
 .debug_macro   0x00000000000168a6       0x16 ./Core/Src/lcd_i2c.o
 .debug_macro   0x00000000000168bc      0x147 ./Core/Src/lcd_i2c.o
 .debug_macro   0x0000000000016a03       0x16 ./Core/Src/lcd_i2c.o
 .debug_macro   0x0000000000016a19       0x20 ./Core/Src/lcd_i2c.o
 .debug_macro   0x0000000000016a39       0x6a ./Core/Src/lcd_i2c.o
 .debug_macro   0x0000000000016aa3      0x2f3 ./Core/Src/main.o
 .debug_macro   0x0000000000016d96      0x223 ./Core/Src/main.o
 .debug_macro   0x0000000000016fb9      0x1c9 ./Core/Src/stm32f1_rc522.o
 .debug_macro   0x0000000000017182      0x1bc ./Core/Src/stm32f1xx_hal_msp.o
 .debug_macro   0x000000000001733e      0x1c6 ./Core/Src/stm32f1xx_it.o
 .debug_macro   0x0000000000017504      0x1ad ./Core/Src/system_stm32f1xx.o
 .debug_macro   0x00000000000176b1      0x1d1 ./Drivers/STM32F1xx_HAL_Driver/Src/stm32f1xx_hal.o
 .debug_macro   0x0000000000017882      0x1ad ./Drivers/STM32F1xx_HAL_Driver/Src/stm32f1xx_hal_cortex.o
 .debug_macro   0x0000000000017a2f      0x1ad ./Drivers/STM32F1xx_HAL_Driver/Src/stm32f1xx_hal_flash.o
 .debug_macro   0x0000000000017bdc      0x218 ./Drivers/STM32F1xx_HAL_Driver/Src/stm32f1xx_hal_gpio.o
 .debug_macro   0x0000000000017df4      0x1fb ./Drivers/STM32F1xx_HAL_Driver/Src/stm32f1xx_hal_i2c.o
 .debug_macro   0x0000000000017fef      0x1bf ./Drivers/STM32F1xx_HAL_Driver/Src/stm32f1xx_hal_rcc.o
 .debug_macro   0x00000000000181ae      0x1b5 ./Drivers/STM32F1xx_HAL_Driver/Src/stm32f1xx_hal_spi.o
 .debug_macro   0x0000000000018363      0x1ae ./Drivers/STM32F1xx_HAL_Driver/Src/stm32f1xx_hal_tim.o
 .debug_macro   0x0000000000018511      0x1ad ./Drivers/STM32F1xx_HAL_Driver/Src/stm32f1xx_hal_tim_ex.o

.debug_line     0x0000000000000000    0x131c9
 .debug_line    0x0000000000000000      0xd3b ./Core/Src/flash.o
 .debug_line    0x0000000000000d3b      0x8bc ./Core/Src/key_pad_PTV.o
 .debug_line    0x00000000000015f7      0x99d ./Core/Src/lcd_i2c.o
 .debug_line    0x0000000000001f94     0x1086 ./Core/Src/main.o
 .debug_line    0x000000000000301a      0xc2c ./Core/Src/stm32f1_rc522.o
 .debug_line    0x0000000000003c46      0x81a ./Core/Src/stm32f1xx_hal_msp.o
 .debug_line    0x0000000000004460      0x7d9 ./Core/Src/stm32f1xx_it.o
 .debug_line    0x0000000000004c39      0x795 ./Core/Src/system_stm32f1xx.o
 .debug_line    0x00000000000053ce       0x78 ./Core/Startup/startup_stm32f103c8tx.o
 .debug_line    0x0000000000005446      0x9c2 ./Drivers/STM32F1xx_HAL_Driver/Src/stm32f1xx_hal.o
 .debug_line    0x0000000000005e08      0xbaa ./Drivers/STM32F1xx_HAL_Driver/Src/stm32f1xx_hal_cortex.o
 .debug_line    0x00000000000069b2      0xa9f ./Drivers/STM32F1xx_HAL_Driver/Src/stm32f1xx_hal_flash.o
 .debug_line    0x0000000000007451      0xa5b ./Drivers/STM32F1xx_HAL_Driver/Src/stm32f1xx_hal_gpio.o
 .debug_line    0x0000000000007eac     0x3b39 ./Drivers/STM32F1xx_HAL_Driver/Src/stm32f1xx_hal_i2c.o
 .debug_line    0x000000000000b9e5      0xdcb ./Drivers/STM32F1xx_HAL_Driver/Src/stm32f1xx_hal_rcc.o
 .debug_line    0x000000000000c7b0     0x1c4a ./Drivers/STM32F1xx_HAL_Driver/Src/stm32f1xx_hal_spi.o
 .debug_line    0x000000000000e3fa     0x34ae ./Drivers/STM32F1xx_HAL_Driver/Src/stm32f1xx_hal_tim.o
 .debug_line    0x00000000000118a8     0x1921 ./Drivers/STM32F1xx_HAL_Driver/Src/stm32f1xx_hal_tim_ex.o

.debug_str      0x0000000000000000    0x8cc56
 .debug_str     0x0000000000000000    0x84743 ./Core/Src/flash.o
                                      0x84ab2 (size before relaxing)
 .debug_str     0x0000000000084743      0x234 ./Core/Src/key_pad_PTV.o
                                      0x84868 (size before relaxing)
 .debug_str     0x0000000000084977     0x3dc8 ./Core/Src/lcd_i2c.o
                                      0x8867c (size before relaxing)
 .debug_str     0x000000000008873f      0xedc ./Core/Src/main.o
                                      0x89781 (size before relaxing)
 .debug_str     0x000000000008961b      0x1dd ./Core/Src/stm32f1_rc522.o
                                      0x85401 (size before relaxing)
 .debug_str     0x00000000000897f8       0xee ./Core/Src/stm32f1xx_hal_msp.o
                                      0x85263 (size before relaxing)
 .debug_str     0x00000000000898e6       0xc9 ./Core/Src/stm32f1xx_it.o
                                      0x84859 (size before relaxing)
 .debug_str     0x00000000000899af       0x7e ./Core/Src/system_stm32f1xx.o
                                      0x846e3 (size before relaxing)
 .debug_str     0x0000000000089a2d       0x34 ./Core/Startup/startup_stm32f103c8tx.o
                                         0x64 (size before relaxing)
 .debug_str     0x0000000000089a61      0x554 ./Drivers/STM32F1xx_HAL_Driver/Src/stm32f1xx_hal.o
                                      0x84e16 (size before relaxing)
 .debug_str     0x0000000000089fb5      0x2b1 ./Drivers/STM32F1xx_HAL_Driver/Src/stm32f1xx_hal_cortex.o
                                      0x84d62 (size before relaxing)
 .debug_str     0x000000000008a266      0x276 ./Drivers/STM32F1xx_HAL_Driver/Src/stm32f1xx_hal_flash.o
                                      0x849be (size before relaxing)
 .debug_str     0x000000000008a4dc      0x2b3 ./Drivers/STM32F1xx_HAL_Driver/Src/stm32f1xx_hal_gpio.o
                                      0x84a69 (size before relaxing)
 .debug_str     0x000000000008a78f      0xbbd ./Drivers/STM32F1xx_HAL_Driver/Src/stm32f1xx_hal_i2c.o
                                      0x857aa (size before relaxing)
 .debug_str     0x000000000008b34c      0x209 ./Drivers/STM32F1xx_HAL_Driver/Src/stm32f1xx_hal_rcc.o
                                      0x84b12 (size before relaxing)
 .debug_str     0x000000000008b555      0x517 ./Drivers/STM32F1xx_HAL_Driver/Src/stm32f1xx_hal_spi.o
                                      0x8500f (size before relaxing)
 .debug_str     0x000000000008ba6c      0xd57 ./Drivers/STM32F1xx_HAL_Driver/Src/stm32f1xx_hal_tim.o
                                      0x85b04 (size before relaxing)
 .debug_str     0x000000000008c7c3      0x493 ./Drivers/STM32F1xx_HAL_Driver/Src/stm32f1xx_hal_tim_ex.o
                                      0x85320 (size before relaxing)

.debug_frame    0x0000000000000000     0x444c
 .debug_frame   0x0000000000000000      0x2c4 ./Core/Src/flash.o
 .debug_frame   0x00000000000002c4       0x2c ./Core/Src/key_pad_PTV.o
 .debug_frame   0x00000000000002f0       0xe8 ./Core/Src/lcd_i2c.o
 .debug_frame   0x00000000000003d8      0x1a0 ./Core/Src/main.o
 .debug_frame   0x0000000000000578      0x288 ./Core/Src/stm32f1_rc522.o
 .debug_frame   0x0000000000000800      0x13c ./Core/Src/stm32f1xx_hal_msp.o
 .debug_frame   0x000000000000093c      0x104 ./Core/Src/stm32f1xx_it.o
 .debug_frame   0x0000000000000a40       0x58 ./Core/Src/system_stm32f1xx.o
 .debug_frame   0x0000000000000a98      0x334 ./Drivers/STM32F1xx_HAL_Driver/Src/stm32f1xx_hal.o
 .debug_frame   0x0000000000000dcc      0x428 ./Drivers/STM32F1xx_HAL_Driver/Src/stm32f1xx_hal_cortex.o
 .debug_frame   0x00000000000011f4      0x20c ./Drivers/STM32F1xx_HAL_Driver/Src/stm32f1xx_hal_flash.o
 .debug_frame   0x0000000000001400      0x14c ./Drivers/STM32F1xx_HAL_Driver/Src/stm32f1xx_hal_gpio.o
 .debug_frame   0x000000000000154c      0xc84 ./Drivers/STM32F1xx_HAL_Driver/Src/stm32f1xx_hal_i2c.o
 .debug_frame   0x00000000000021d0      0x218 ./Drivers/STM32F1xx_HAL_Driver/Src/stm32f1xx_hal_rcc.o
 .debug_frame   0x00000000000023e8      0x824 ./Drivers/STM32F1xx_HAL_Driver/Src/stm32f1xx_hal_spi.o
 .debug_frame   0x0000000000002c0c     0x11bc ./Drivers/STM32F1xx_HAL_Driver/Src/stm32f1xx_hal_tim.o
 .debug_frame   0x0000000000003dc8      0x638 ./Drivers/STM32F1xx_HAL_Driver/Src/stm32f1xx_hal_tim_ex.o
 .debug_frame   0x0000000000004400       0x20 E:/PIF/STM32CubeIDE_1.13.2/STM32CubeIDE/plugins/com.st.stm32cube.ide.mcu.externaltools.gnu-tools-for-stm32.11.3.rel1.win32_1.1.1.202309131626/tools/bin/../lib/gcc/arm-none-eabi/11.3.1/../../../../arm-none-eabi/lib/thumb/v7-m/nofp\libc_nano.a(libc_a-memset.o)
 .debug_frame   0x0000000000004420       0x2c E:/PIF/STM32CubeIDE_1.13.2/STM32CubeIDE/plugins/com.st.stm32cube.ide.mcu.externaltools.gnu-tools-for-stm32.11.3.rel1.win32_1.1.1.202309131626/tools/bin/../lib/gcc/arm-none-eabi/11.3.1/../../../../arm-none-eabi/lib/thumb/v7-m/nofp\libc_nano.a(libc_a-init.o)

.debug_line_str
                0x0000000000000000       0x58
 .debug_line_str
                0x0000000000000000       0x58 ./Core/Startup/startup_stm32f103c8tx.o
                                         0x70 (size before relaxing)
